error[E0277]: `TraitMethods` doesn't implement `std::fmt::Display`
 --> $OUT_DIR[uniffi_uitests]/trait_methods.uniffi.rs
  |
  | struct r#TraitMethods { }
  |        ^^^^^^^^^^^^^^ `TraitMethods` cannot be formatted with the default formatter
  |
  = help: the trait `std::fmt::Display` is not implemented for `TraitMethods`
  = note: in format strings you may be able to use `{:?}` (or {:#?} for pretty-print) instead
note: required by a bound in `TraitMethods::uniffi_trait_display::_::{closure#0}::assert_impl_all`
 --> $OUT_DIR[uniffi_uitests]/trait_methods.uniffi.rs
  |
  | #[uniffi::export(Display)]
  | ^^^^^^^^^^^^^^^^^^^^^^^^^^ required by this bound in `assert_impl_all`
  = note: this error originates in the macro `::uniffi::deps::static_assertions::assert_impl_all` which comes from the expansion of the attribute macro `uniffi::export` (in Nightly builds, run with -Z macro-backtrace for more info)

error[E0277]: `TraitMethods` doesn't implement `std::fmt::Display`
 --> $OUT_DIR[uniffi_uitests]/trait_methods.uniffi.rs
  |
  | #[uniffi::export(Display)]
  | ^^^^^^^^^^^^^^^^^^^^^^^^^^ `TraitMethods` cannot be formatted with the default formatter
  |
  = help: the trait `std::fmt::Display` is not implemented for `TraitMethods`, which is required by `&TraitMethods: std::fmt::Display`
  = note: in format strings you may be able to use `{:?}` (or {:#?} for pretty-print) instead
  = note: this error originates in the macro `$crate::__export::format_args` which comes from the expansion of the attribute macro `uniffi::export` (in Nightly builds, run with -Z macro-backtrace for more info)
